com\banking\entity\Transaction$TransactionStatus.class
com\banking\exception\CustomExceptions$AccountNotFoundException.class
com\banking\repository\AccountRepository.class
com\banking\repository\TransactionRepository.class
com\banking\service\CustomUserDetailsService.class
com\banking\exception\GlobalExceptionHandler.class
com\banking\controller\TransactionController.class
com\banking\exception\CustomExceptions$InvalidCredentialsException.class
com\banking\dto\AccountRequest.class
com\banking\entity\Transaction$TransactionType.class
com\banking\exception\CustomExceptions$TransactionFailedException.class
com\banking\repository\UserRepository.class
com\banking\entity\User.class
com\banking\config\SecurityConfig$JwtAuthenticationEntryPoint.class
com\banking\entity\Account$AccountType.class
com\banking\service\UserService.class
com\banking\service\AccountService.class
com\banking\dto\LoginRequest.class
com\banking\service\TransactionService.class
com\banking\util\JwtUtil.class
com\banking\controller\AuthController.class
com\banking\entity\User$Role.class
com\banking\exception\CustomExceptions.class
com\banking\dto\JwtResponse.class
com\banking\exception\GlobalExceptionHandler$ErrorResponse.class
com\banking\dto\RegisterRequest.class
com\banking\controller\HomeController.class
com\banking\exception\CustomExceptions$InsufficientBalanceException.class
com\banking\config\SecurityConfig.class
com\banking\controller\AccountController.class
com\banking\config\SecurityConfig$JwtRequestFilter.class
com\banking\OnlineBankingApplication.class
com\banking\entity\Transaction.class
com\banking\dto\TransferRequest.class
com\banking\exception\CustomExceptions$UserAlreadyExistsException.class
com\banking\exception\CustomExceptions$UserNotFoundException.class
com\banking\entity\Account.class
