C:\online-banking-system\src\main\java\com\banking\service\UserService.java
C:\online-banking-system\src\main\java\com\banking\dto\TransferRequest.java
C:\online-banking-system\src\main\java\com\banking\entity\Account.java
C:\online-banking-system\src\main\java\com\banking\dto\JwtResponse.java
C:\online-banking-system\src\main\java\com\banking\service\TransactionService.java
C:\online-banking-system\src\main\java\com\banking\entity\User.java
C:\online-banking-system\src\main\java\com\banking\controller\AuthController.java
C:\online-banking-system\src\main\java\com\banking\exception\CustomExceptions.java
C:\online-banking-system\src\main\java\com\banking\service\CustomUserDetailsService.java
C:\online-banking-system\src\main\java\com\banking\dto\LoginRequest.java
C:\online-banking-system\src\main\java\com\banking\config\SecurityConfig.java
C:\online-banking-system\src\main\java\com\banking\repository\UserRepository.java
C:\online-banking-system\src\main\java\com\banking\controller\AccountController.java
C:\online-banking-system\src\main\java\com\banking\exception\GlobalExceptionHandler.java
C:\online-banking-system\src\main\java\com\banking\controller\TransactionController.java
C:\online-banking-system\src\main\java\com\banking\repository\TransactionRepository.java
C:\online-banking-system\src\main\java\com\banking\service\AccountService.java
C:\online-banking-system\src\main\java\com\banking\repository\AccountRepository.java
C:\online-banking-system\src\main\java\com\banking\OnlineBankingApplication.java
C:\online-banking-system\src\main\java\com\banking\entity\Transaction.java
C:\online-banking-system\src\main\java\com\banking\controller\HomeController.java
C:\online-banking-system\src\main\java\com\banking\util\JwtUtil.java
C:\online-banking-system\src\main\java\com\banking\dto\AccountRequest.java
C:\online-banking-system\src\main\java\com\banking\dto\RegisterRequest.java
